[sandbox.elemisthemes.com/demo1.html]
[sandbox.elemisthemes.com/assets/img/favicon.png]
[backblue.gif]
[fade.gif]
[index.html]
[sandbox.elemisthemes.com/assets/css/plugins.css]
[sandbox.elemisthemes.com/assets/css/style.css]
[sandbox.elemisthemes.com/assets/css/colors/yellow.css]
[sandbox.elemisthemes.com/assets/css/fonts/thicccboi.css]
[sandbox.elemisthemes.com/index.html]
[sandbox.elemisthemes.com/assets/img/logo-dark.png]
[sandbox.elemisthemes.com/assets/img/logo-light.png]
[sandbox.elemisthemes.com/assets/img/demos/mi1.jpg]
[sandbox.elemisthemes.com/demo2.html]
[sandbox.elemisthemes.com/assets/img/demos/mi2.jpg]
[sandbox.elemisthemes.com/demo3.html]
[sandbox.elemisthemes.com/assets/img/demos/mi3.jpg]
[sandbox.elemisthemes.com/demo4.html]
[sandbox.elemisthemes.com/assets/img/demos/mi4.jpg]
[sandbox.elemisthemes.com/demo5.html]
[sandbox.elemisthemes.com/assets/img/demos/mi5.jpg]
[sandbox.elemisthemes.com/demo6.html]
[sandbox.elemisthemes.com/assets/img/demos/mi6.jpg]
[sandbox.elemisthemes.com/demo7.html]
[sandbox.elemisthemes.com/assets/img/demos/mi7.jpg]
[sandbox.elemisthemes.com/demo8.html]
[sandbox.elemisthemes.com/assets/img/demos/mi8.jpg]
[sandbox.elemisthemes.com/demo9.html]
[sandbox.elemisthemes.com/assets/img/demos/mi9.jpg]
[sandbox.elemisthemes.com/demo10.html]
[sandbox.elemisthemes.com/assets/img/demos/mi10.jpg]
[sandbox.elemisthemes.com/demo11.html]
[sandbox.elemisthemes.com/assets/img/demos/mi11.jpg]
[sandbox.elemisthemes.com/demo12.html]
[sandbox.elemisthemes.com/assets/img/demos/mi12.jpg]
[sandbox.elemisthemes.com/demo13.html]
[sandbox.elemisthemes.com/assets/img/demos/mi13.jpg]
[sandbox.elemisthemes.com/demo14.html]
[sandbox.elemisthemes.com/assets/img/demos/mi14.jpg]
[sandbox.elemisthemes.com/demo15.html]
[sandbox.elemisthemes.com/assets/img/demos/mi15.jpg]
[sandbox.elemisthemes.com/demo16.html]
[sandbox.elemisthemes.com/assets/img/demos/mi16.jpg]
[sandbox.elemisthemes.com/demo17.html]
[sandbox.elemisthemes.com/assets/img/demos/mi17.jpg]
[sandbox.elemisthemes.com/demo18.html]
[sandbox.elemisthemes.com/assets/img/demos/mi18.jpg]
[sandbox.elemisthemes.com/services.html]
[sandbox.elemisthemes.com/services2.html]
[sandbox.elemisthemes.com/about.html]
[sandbox.elemisthemes.com/about2.html]
[sandbox.elemisthemes.com/contact.html]
[sandbox.elemisthemes.com/contact2.html]
[sandbox.elemisthemes.com/contact3.html]
[sandbox.elemisthemes.com/pricing.html]
[sandbox.elemisthemes.com/onepage.html]
[sandbox.elemisthemes.com/projects.html]
[sandbox.elemisthemes.com/projects2.html]
[sandbox.elemisthemes.com/projects3.html]
[sandbox.elemisthemes.com/projects4.html]
[sandbox.elemisthemes.com/single-project.html]
[sandbox.elemisthemes.com/single-project2.html]
[sandbox.elemisthemes.com/single-project3.html]
[sandbox.elemisthemes.com/blog.html]
[sandbox.elemisthemes.com/blog2.html]
[sandbox.elemisthemes.com/blog3.html]
[sandbox.elemisthemes.com/blog-post.html]
[sandbox.elemisthemes.com/blog-post2.html]
[sandbox.elemisthemes.com/blog-post3.html]
[sandbox.elemisthemes.com/docs/blocks/about.html]
[sandbox.elemisthemes.com/assets/img/demos/block1.svg]
[sandbox.elemisthemes.com/docs/blocks/blog.html]
[sandbox.elemisthemes.com/assets/img/demos/block2.svg]
[sandbox.elemisthemes.com/docs/blocks/call-to-action.html]
[sandbox.elemisthemes.com/assets/img/demos/block3.svg]
[sandbox.elemisthemes.com/docs/blocks/clients.html]
[sandbox.elemisthemes.com/assets/img/demos/block4.svg]
[sandbox.elemisthemes.com/docs/blocks/contact.html]
[sandbox.elemisthemes.com/assets/img/demos/block5.svg]
[sandbox.elemisthemes.com/docs/blocks/facts.html]
[sandbox.elemisthemes.com/assets/img/demos/block6.svg]
[sandbox.elemisthemes.com/docs/blocks/faq.html]
[sandbox.elemisthemes.com/assets/img/demos/block7.svg]
[sandbox.elemisthemes.com/docs/blocks/features.html]
[sandbox.elemisthemes.com/assets/img/demos/block8.svg]
[sandbox.elemisthemes.com/docs/blocks/footer.html]
[sandbox.elemisthemes.com/assets/img/demos/block9.svg]
[sandbox.elemisthemes.com/assets/img/demos/block10.svg]
[sandbox.elemisthemes.com/docs/blocks/navbar.html]
[sandbox.elemisthemes.com/assets/img/demos/block11.svg]
[sandbox.elemisthemes.com/docs/blocks/portfolio.html]
[sandbox.elemisthemes.com/assets/img/demos/block12.svg]
[sandbox.elemisthemes.com/docs/blocks/pricing.html]
[sandbox.elemisthemes.com/assets/img/demos/block13.svg]
[sandbox.elemisthemes.com/docs/blocks/process.html]
[sandbox.elemisthemes.com/docs/blocks/hero.html]
[sandbox.elemisthemes.com/assets/img/demos/block14.svg]
[sandbox.elemisthemes.com/docs/blocks/team.html]
[sandbox.elemisthemes.com/assets/img/demos/block15.svg]
[sandbox.elemisthemes.com/docs/blocks/testimonials.html]
[sandbox.elemisthemes.com/assets/img/demos/block16.svg]
[sandbox.elemisthemes.com/docs/index.html]
[sandbox.elemisthemes.com/docs/forms.html]
[sandbox.elemisthemes.com/docs/faq.html]
[sandbox.elemisthemes.com/docs/changelog.html]
[sandbox.elemisthemes.com/docs/credits.html]
[sandbox.elemisthemes.com/docs/styleguide/colors.html]
[sandbox.elemisthemes.com/docs/styleguide/fonts.html]
[sandbox.elemisthemes.com/docs/styleguide/duotone-icons.html]
[sandbox.elemisthemes.com/docs/styleguide/unicons.html]
[sandbox.elemisthemes.com/docs/styleguide/illustrations.html]
[sandbox.elemisthemes.com/docs/styleguide/media.html]
[sandbox.elemisthemes.com/docs/styleguide/abstract.html]
[sandbox.elemisthemes.com/docs/styleguide/misc.html]
[sandbox.elemisthemes.com/docs/elements/accordion.html]
[sandbox.elemisthemes.com/docs/elements/alerts.html]
[sandbox.elemisthemes.com/docs/elements/animations.html]
[sandbox.elemisthemes.com/docs/elements/avatars.html]
[sandbox.elemisthemes.com/docs/elements/background.html]
[sandbox.elemisthemes.com/docs/elements/badges.html]
[sandbox.elemisthemes.com/docs/elements/breadcrumb.html]
[sandbox.elemisthemes.com/docs/elements/buttons.html]
[sandbox.elemisthemes.com/docs/elements/carousel.html]
[sandbox.elemisthemes.com/docs/elements/dividers.html]
[sandbox.elemisthemes.com/docs/elements/form-elements.html]
[sandbox.elemisthemes.com/docs/elements/hover.html]
[sandbox.elemisthemes.com/docs/elements/image-mask.html]
[sandbox.elemisthemes.com/docs/elements/lightbox.html]
[sandbox.elemisthemes.com/docs/elements/player.html]
[sandbox.elemisthemes.com/docs/elements/modal.html]
[sandbox.elemisthemes.com/docs/elements/progressbar.html]
[sandbox.elemisthemes.com/docs/elements/lists.html]
[sandbox.elemisthemes.com/docs/elements/shadows.html]
[sandbox.elemisthemes.com/docs/elements/shapes.html]
[sandbox.elemisthemes.com/docs/elements/tables.html]
[sandbox.elemisthemes.com/docs/elements/tabs.html]
[sandbox.elemisthemes.com/docs/elements/text-highlight.html]
[sandbox.elemisthemes.com/docs/elements/tooltips-popovers.html]
[sandbox.elemisthemes.com/docs/elements/typed-text.html]
[sandbox.elemisthemes.com/docs/elements/typography.html]
[sandbox.elemisthemes.com/assets/img/concept/concept2.png]
[sandbox.elemisthemes.com/assets/img/icons/search-1.svg]
[sandbox.elemisthemes.com/assets/img/icons/browser.svg]
[sandbox.elemisthemes.com/assets/img/icons/chat-2.svg]
[sandbox.elemisthemes.com/assets/img/icons/megaphone.svg]
[sandbox.elemisthemes.com/assets/img/concept/concept3.png]
[sandbox.elemisthemes.com/assets/img/concept/concept6.png]
[sandbox.elemisthemes.com/assets/img/avatars/te1.jpg]
[sandbox.elemisthemes.com/assets/img/avatars/te2.jpg]
[sandbox.elemisthemes.com/assets/img/avatars/te3.jpg]
[sandbox.elemisthemes.com/assets/img/avatars/te4.jpg]
[sandbox.elemisthemes.com/assets/img/concept/concept8.png]
[sandbox.elemisthemes.com/assets/img/concept/concept5.png]
[sandbox.elemisthemes.com/assets/img/brands/c1.png]
[sandbox.elemisthemes.com/assets/img/brands/c2.png]
[sandbox.elemisthemes.com/assets/img/brands/c3.png]
[sandbox.elemisthemes.com/assets/img/brands/c4.png]
[sandbox.elemisthemes.com/assets/img/brands/c5.png]
[sandbox.elemisthemes.com/assets/img/brands/c6.png]
[cdn.jsdelivr.net/npm/bootstrap@5.1.1/dist/js/bootstrap.bundle.min.js]
[cdnjs.cloudflare.com/ajax/libs/jquery/3.6.0/jquery.min.js]
[sandbox.elemisthemes.com/demo1.html]
[sandbox.elemisthemes.com/assets/js/theme.js]
[sandbox.elemisthemes.com/assets/fonts/lg/lgd641.eot]
[sandbox.elemisthemes.com/assets/js/plugins.js]
[sandbox.elemisthemes.com/assets/fonts/lg/lgd41d.eot]
[sandbox.elemisthemes.com/assets/fonts/lg/lgd641.woff]
[sandbox.elemisthemes.com/assets/fonts/lg/lgd641.ttf]
[sandbox.elemisthemes.com/assets/fonts/lg/lgd641.svg]
[sandbox.elemisthemes.com/assets/images/vimeo-play.png]
[sandbox.elemisthemes.com/assets/images/video-play.png]
[sandbox.elemisthemes.com/assets/images/youtube-play.png]
[sandbox.elemisthemes.com/assets/images/loading.gif]
[sandbox.elemisthemes.com/assets/css/owl.video.play.png]
[sandbox.elemisthemes.com/assets/css/plugins.css]
[sandbox.elemisthemes.com/assets/css/style.css]
[sandbox.elemisthemes.com/assets/css/colors/yellow.css]
[sandbox.elemisthemes.com/assets/fonts/thicccboi/THICCCBOI-Regular.woff2]
[sandbox.elemisthemes.com/assets/fonts/thicccboi/THICCCBOI-Regular.woff]
[sandbox.elemisthemes.com/assets/fonts/thicccboi/THICCCBOI-Medium.woff2]
[sandbox.elemisthemes.com/assets/fonts/thicccboi/THICCCBOI-Medium.woff]
[sandbox.elemisthemes.com/assets/fonts/thicccboi/THICCCBOI-Bold.woff2]
[sandbox.elemisthemes.com/assets/fonts/thicccboi/THICCCBOI-Bold.woff]
[sandbox.elemisthemes.com/assets/css/fonts/thicccboi.css]
[sandbox.elemisthemes.com/assets/css/colors/purple.css]
[sandbox.elemisthemes.com/assets/img/logo-purple.png]
[sandbox.elemisthemes.com/assets/img/demos/vc1.jpg]
[sandbox.elemisthemes.com/assets/img/demos/vc2.jpg]
[sandbox.elemisthemes.com/assets/img/demos/vc3.jpg]
[sandbox.elemisthemes.com/assets/img/demos/vc4.jpg]
[sandbox.elemisthemes.com/assets/img/demos/vc5.jpg]
[sandbox.elemisthemes.com/assets/img/demos/vc6.jpg]
[sandbox.elemisthemes.com/assets/img/demos/vc7.jpg]
[sandbox.elemisthemes.com/assets/img/demos/vc8.jpg]
[sandbox.elemisthemes.com/assets/img/demos/d1-1.jpg]
[sandbox.elemisthemes.com/assets/img/demos/d1-2.jpg]
[sandbox.elemisthemes.com/assets/img/demos/d1-3.jpg]
[sandbox.elemisthemes.com/assets/img/demos/d2-1.jpg]
[sandbox.elemisthemes.com/assets/img/demos/d2-2.jpg]
[sandbox.elemisthemes.com/assets/img/demos/d2-3.jpg]
[sandbox.elemisthemes.com/assets/img/demos/d3-1.jpg]
[sandbox.elemisthemes.com/assets/img/demos/d3-2.jpg]
[sandbox.elemisthemes.com/assets/img/demos/d3-3.jpg]
[sandbox.elemisthemes.com/assets/img/demos/d4-1.jpg]
[sandbox.elemisthemes.com/assets/img/demos/d4-2.jpg]
[sandbox.elemisthemes.com/assets/img/demos/d4-3.jpg]
[sandbox.elemisthemes.com/assets/img/demos/d5-1.jpg]
[sandbox.elemisthemes.com/assets/img/demos/d5-2.jpg]
[sandbox.elemisthemes.com/assets/img/demos/d5-3.jpg]
[sandbox.elemisthemes.com/assets/img/demos/d6-1.jpg]
[sandbox.elemisthemes.com/assets/img/demos/d6-2.jpg]
[sandbox.elemisthemes.com/assets/img/demos/d6-3.jpg]
[sandbox.elemisthemes.com/assets/img/demos/d7-1.jpg]
[sandbox.elemisthemes.com/assets/img/demos/d7-2.jpg]
[sandbox.elemisthemes.com/assets/img/demos/d7-3.jpg]
[sandbox.elemisthemes.com/assets/img/demos/d8-1.jpg]
[sandbox.elemisthemes.com/assets/img/demos/d8-2.jpg]
[sandbox.elemisthemes.com/assets/img/demos/d8-3.jpg]
[sandbox.elemisthemes.com/assets/img/demos/d9-1.jpg]
[sandbox.elemisthemes.com/assets/img/demos/d9-2.jpg]
[sandbox.elemisthemes.com/assets/img/demos/d9-3.jpg]
[sandbox.elemisthemes.com/assets/img/demos/d10-1.jpg]
[sandbox.elemisthemes.com/assets/img/demos/d10-2.jpg]
[sandbox.elemisthemes.com/assets/img/demos/d10-3.jpg]
[sandbox.elemisthemes.com/assets/img/demos/d11-1.jpg]
[sandbox.elemisthemes.com/assets/img/demos/d11-2.jpg]
[sandbox.elemisthemes.com/assets/img/demos/d11-3.jpg]
[sandbox.elemisthemes.com/assets/img/demos/d12-1.jpg]
[sandbox.elemisthemes.com/assets/img/demos/d12-2.jpg]
[sandbox.elemisthemes.com/assets/img/demos/d12-3.jpg]
[sandbox.elemisthemes.com/assets/img/demos/d13-1.jpg]
[sandbox.elemisthemes.com/assets/img/demos/d13-2.jpg]
[sandbox.elemisthemes.com/assets/img/demos/d13-3.jpg]
[sandbox.elemisthemes.com/assets/img/demos/d14-1.jpg]
[sandbox.elemisthemes.com/assets/img/demos/d14-2.jpg]
[sandbox.elemisthemes.com/assets/img/demos/d14-3.jpg]
[sandbox.elemisthemes.com/assets/img/demos/d15-1.jpg]
[sandbox.elemisthemes.com/assets/img/demos/d15-2.jpg]
[sandbox.elemisthemes.com/assets/img/demos/d15-3.jpg]
[sandbox.elemisthemes.com/assets/img/demos/d16-1.jpg]
[sandbox.elemisthemes.com/assets/img/demos/d16-2.jpg]
[sandbox.elemisthemes.com/assets/img/demos/d16-3.jpg]
[sandbox.elemisthemes.com/assets/img/demos/d17-1.jpg]
[sandbox.elemisthemes.com/assets/img/demos/d17-2.jpg]
[sandbox.elemisthemes.com/assets/img/demos/d17-3.jpg]
[sandbox.elemisthemes.com/assets/img/demos/d18-1.jpg]
[sandbox.elemisthemes.com/assets/img/demos/d18-2.jpg]
[sandbox.elemisthemes.com/assets/img/demos/d18-3.jpg]
[sandbox.elemisthemes.com/assets/img/demos/icon.png]
[sandbox.elemisthemes.com/assets/img/demos/fe1.jpg]
[sandbox.elemisthemes.com/assets/img/demos/fe2.jpg]
[sandbox.elemisthemes.com/assets/img/demos/fe3.jpg]
[sandbox.elemisthemes.com/assets/img/demos/fe4.jpg]
[sandbox.elemisthemes.com/assets/img/demos/fe5.jpg]
[sandbox.elemisthemes.com/assets/img/demos/fe6.jpg]
[sandbox.elemisthemes.com/assets/img/demos/fe7.jpg]
[sandbox.elemisthemes.com/assets/img/demos/fe8.jpg]
[sandbox.elemisthemes.com/assets/img/demos/de1.jpg]
[sandbox.elemisthemes.com/assets/img/demos/de2.jpg]
[sandbox.elemisthemes.com/assets/img/demos/de3.jpg]
[sandbox.elemisthemes.com/assets/img/demos/de4.jpg]
[sandbox.elemisthemes.com/assets/img/demos/fi1.png]
[sandbox.elemisthemes.com/assets/img/demos/fi2.png]
[sandbox.elemisthemes.com/assets/img/demos/fi3.png]
[sandbox.elemisthemes.com/assets/img/demos/fi4.png]
[sandbox.elemisthemes.com/assets/img/demos/fi5.png]
[sandbox.elemisthemes.com/assets/img/demos/fi6.png]
[sandbox.elemisthemes.com/assets/img/demos/fi7.png]
[sandbox.elemisthemes.com/assets/img/demos/fi8.png]
[sandbox.elemisthemes.com/assets/img/demos/fi9.png]
[sandbox.elemisthemes.com/assets/img/demos/fi10.png]
[sandbox.elemisthemes.com/assets/img/demos/dc1.jpg]
[sandbox.elemisthemes.com/assets/img/demos/dc2.jpg]
[sandbox.elemisthemes.com/assets/img/demos/dc3.jpg]
[sandbox.elemisthemes.com/assets/img/demos/dc5.jpg]
[sandbox.elemisthemes.com/assets/img/demos/dc4.jpg]
[sandbox.elemisthemes.com/assets/img/demos/dc6.jpg]
[sandbox.elemisthemes.com/assets/img/demos/dc7.jpg]
[sandbox.elemisthemes.com/assets/img/demos/dc8.jpg]
[sandbox.elemisthemes.com/assets/img/demos/dc9.jpg]
[sandbox.elemisthemes.com/assets/img/demos/dc12.jpg]
[sandbox.elemisthemes.com/assets/img/demos/dc11.jpg]
[sandbox.elemisthemes.com/assets/img/demos/dc10.jpg]
[sandbox.elemisthemes.com/assets/img/demos/devices.png]
[sandbox.elemisthemes.com/assets/img/demos/qrcode.jpg]
[sandbox.elemisthemes.com/assets/img/demos/f1.png]
[sandbox.elemisthemes.com/index.html]
[sandbox.elemisthemes.com/assets/css/fonts/dm.css]
[sandbox.elemisthemes.com/assets/img/logo.png]
[sandbox.elemisthemes.com/assets/img/photos/about7.jpg]
[sandbox.elemisthemes.com/assets/img/photos/about9.jpg]
[sandbox.elemisthemes.com/assets/img/photos/pp10.jpg]
[sandbox.elemisthemes.com/assets/img/photos/pp11.jpg]
[sandbox.elemisthemes.com/assets/img/photos/pp12.jpg]
[sandbox.elemisthemes.com/assets/img/photos/pp13.jpg]
[sandbox.elemisthemes.com/assets/img/photos/pp14.jpg]
[sandbox.elemisthemes.com/assets/img/photos/pp15.jpg]
[sandbox.elemisthemes.com/assets/img/photos/pp16.jpg]
[sandbox.elemisthemes.com/assets/img/photos/about12.jpg]
[sandbox.elemisthemes.com/assets/img/avatars/t1.jpg]
[sandbox.elemisthemes.com/assets/img/avatars/t2.jpg]
[sandbox.elemisthemes.com/assets/img/avatars/t3.jpg]
[sandbox.elemisthemes.com/assets/img/avatars/t4.jpg]
[sandbox.elemisthemes.com/assets/img/avatars/t5.jpg]
[sandbox.elemisthemes.com/assets/img/photos/co2.png]
[sandbox.elemisthemes.com/demo2.html]
[sandbox.elemisthemes.com/assets/css/colors/aqua.css]
[sandbox.elemisthemes.com/assets/img/photos/about13.jpg]
[sandbox.elemisthemes.com/assets/img/photos/bg1.jpg]
[sandbox.elemisthemes.com/assets/img/photos/b4.jpg]
[sandbox.elemisthemes.com/assets/img/photos/b5.jpg]
[sandbox.elemisthemes.com/assets/img/photos/b6.jpg]
[sandbox.elemisthemes.com/assets/img/photos/b7.jpg]
[sandbox.elemisthemes.com/assets/img/photos/tm1.jpg]
[sandbox.elemisthemes.com/assets/img/photos/about14.jpg]
[sandbox.elemisthemes.com/demo3.html]
[sandbox.elemisthemes.com/assets/css/colors/violet.css]
[sandbox.elemisthemes.com/assets/img/photos/about16.jpg]
[sandbox.elemisthemes.com/assets/img/photos/ab1.jpg]
[sandbox.elemisthemes.com/assets/img/photos/ab2.jpg]
[sandbox.elemisthemes.com/assets/img/photos/ab3.jpg]
[sandbox.elemisthemes.com/assets/img/icons/telephone-3.svg]
[sandbox.elemisthemes.com/assets/img/icons/shield.svg]
[sandbox.elemisthemes.com/assets/img/icons/cloud-computing-3.svg]
[sandbox.elemisthemes.com/assets/img/icons/analytics.svg]
[sandbox.elemisthemes.com/assets/img/icons/settings.svg]
[sandbox.elemisthemes.com/assets/img/icons/earth.svg]
[sandbox.elemisthemes.com/assets/img/photos/g1.jpg]
[sandbox.elemisthemes.com/assets/img/photos/g2.jpg]
[sandbox.elemisthemes.com/assets/img/photos/g3.jpg]
[sandbox.elemisthemes.com/assets/img/photos/g4.jpg]
[sandbox.elemisthemes.com/assets/img/icons/check.svg]
[sandbox.elemisthemes.com/assets/img/icons/user.svg]
[sandbox.elemisthemes.com/assets/img/icons/briefcase-2.svg]
[sandbox.elemisthemes.com/assets/img/photos/g5.jpg]
[sandbox.elemisthemes.com/assets/img/photos/g6.jpg]
[sandbox.elemisthemes.com/demo4.html]
[sandbox.elemisthemes.com/assets/img/photos/sa1.jpg]
[sandbox.elemisthemes.com/assets/img/photos/sa2.jpg]
[sandbox.elemisthemes.com/assets/img/photos/sa3.jpg]
[sandbox.elemisthemes.com/assets/img/photos/sa4.jpg]
[sandbox.elemisthemes.com/assets/img/photos/sa5.jpg]
[sandbox.elemisthemes.com/assets/img/photos/sa6.jpg]
[sandbox.elemisthemes.com/assets/img/photos/sa7.jpg]
[sandbox.elemisthemes.com/assets/img/photos/sa8.jpg]
[sandbox.elemisthemes.com/assets/img/photos/sa9.jpg]
[sandbox.elemisthemes.com/assets/img/photos/sa10.jpg]
[sandbox.elemisthemes.com/assets/img/photos/sa11.jpg]
[sandbox.elemisthemes.com/assets/img/photos/sa12.jpg]
[sandbox.elemisthemes.com/assets/img/photos/sa13.jpg]
[sandbox.elemisthemes.com/assets/img/photos/sa14.jpg]
[sandbox.elemisthemes.com/assets/img/photos/sa15.jpg]
[sandbox.elemisthemes.com/assets/img/photos/movie.jpg]
[sandbox.elemisthemes.com/assets/media/movie.mp4]
[sandbox.elemisthemes.com/assets/media/movie.156.delayed]
[sandbox.elemisthemes.com/assets/img/icons/savings.svg]
[sandbox.elemisthemes.com/assets/img/icons/loading.svg]
[sandbox.elemisthemes.com/assets/img/icons/shopping-basket.svg]
[sandbox.elemisthemes.com/assets/img/icons/home.svg]
[sandbox.elemisthemes.com/assets/img/map.png]
[sandbox.elemisthemes.com/demo5.html]
[sandbox.elemisthemes.com/assets/img/photos/devices.png]
[sandbox.elemisthemes.com/assets/img/icons/target.svg]
[sandbox.elemisthemes.com/assets/img/icons/medal.svg]
[sandbox.elemisthemes.com/assets/img/icons/clock-3.svg]
[sandbox.elemisthemes.com/assets/img/icons/shop-2.svg]
[sandbox.elemisthemes.com/assets/img/icons/team.svg]
[sandbox.elemisthemes.com/assets/img/photos/device.png]
[sandbox.elemisthemes.com/assets/img/icons/cloud-computing.svg]
[sandbox.elemisthemes.com/assets/img/icons/smartphone-2.svg]
[sandbox.elemisthemes.com/assets/img/icons/rocket.svg]
[sandbox.elemisthemes.com/assets/img/photos/v1.jpg]
[sandbox.elemisthemes.com/assets/img/avatars/te7.jpg]
[sandbox.elemisthemes.com/assets/img/avatars/te8.jpg]
[sandbox.elemisthemes.com/assets/img/avatars/te9.jpg]
[sandbox.elemisthemes.com/assets/img/avatars/te10.jpg]
[sandbox.elemisthemes.com/assets/img/avatars/te11.jpg]
[sandbox.elemisthemes.com/assets/img/avatars/te12.jpg]
[sandbox.elemisthemes.com/assets/img/photos/devices2.png]
[sandbox.elemisthemes.com/demo6.html]
[sandbox.elemisthemes.com/assets/img/concept/concept12.png]
[sandbox.elemisthemes.com/assets/img/photos/se1.jpg]
[sandbox.elemisthemes.com/assets/img/photos/se2.jpg]
[sandbox.elemisthemes.com/assets/img/photos/pp17.jpg]
[sandbox.elemisthemes.com/assets/img/photos/pp18.jpg]
[sandbox.elemisthemes.com/assets/img/photos/pp19.jpg]
[sandbox.elemisthemes.com/assets/img/photos/pp20.jpg]
[sandbox.elemisthemes.com/assets/img/photos/pp21.jpg]
[sandbox.elemisthemes.com/assets/img/photos/pp22.jpg]
[sandbox.elemisthemes.com/assets/img/concept/concept9.png]
[sandbox.elemisthemes.com/assets/img/concept/concept17.png]
[sandbox.elemisthemes.com/assets/img/avatars/te5.jpg]
[sandbox.elemisthemes.com/assets/img/avatars/te6.jpg]
[sandbox.elemisthemes.com/assets/img/photos/bg2.jpg]
[sandbox.elemisthemes.com/demo7.html]
[sandbox.elemisthemes.com/assets/img/photos/co3.png]
[sandbox.elemisthemes.com/assets/img/brands/c10.png]
[sandbox.elemisthemes.com/assets/img/brands/c7.png]
[sandbox.elemisthemes.com/assets/img/brands/c8.png]
[sandbox.elemisthemes.com/assets/img/photos/about10.jpg]
[sandbox.elemisthemes.com/assets/img/icons/award-2.svg]
[sandbox.elemisthemes.com/assets/img/photos/about11.jpg]
[sandbox.elemisthemes.com/assets/img/icons/settings-3.svg]
[sandbox.elemisthemes.com/assets/img/icons/bar-chart.svg]
[sandbox.elemisthemes.com/demo8.html]
[sandbox.elemisthemes.com/assets/img/photos/sa20.jpg]
[sandbox.elemisthemes.com/assets/img/photos/sa18.jpg]
[sandbox.elemisthemes.com/assets/img/photos/sa16.jpg]
[sandbox.elemisthemes.com/assets/img/photos/sa21.jpg]
[sandbox.elemisthemes.com/assets/img/photos/sa19.jpg]
[sandbox.elemisthemes.com/assets/img/photos/sa17.jpg]
[sandbox.elemisthemes.com/assets/img/photos/about8.jpg]
[sandbox.elemisthemes.com/demo9.html]
[sandbox.elemisthemes.com/assets/css/colors/orange.css]
[sandbox.elemisthemes.com/assets/img/photos/about15.jpg]
[sandbox.elemisthemes.com/demo10.html]
[sandbox.elemisthemes.com/assets/img/photos/bg4.jpg]
[sandbox.elemisthemes.com/assets/img/photos/about21.jpg]
[sandbox.elemisthemes.com/assets/img/photos/about22.jpg]
[sandbox.elemisthemes.com/assets/img/photos/about23.jpg]
[sandbox.elemisthemes.com/assets/img/concept/concept11.png]
[sandbox.elemisthemes.com/demo11.html]
[sandbox.elemisthemes.com/assets/img/concept/concept7.png]
[sandbox.elemisthemes.com/assets/img/icons/id-card.svg]
[sandbox.elemisthemes.com/assets/img/icons/gift.svg]
[sandbox.elemisthemes.com/assets/img/photos/rp1.jpg]
[sandbox.elemisthemes.com/assets/img/photos/rp2.jpg]
[sandbox.elemisthemes.com/assets/img/photos/rp3.jpg]
[sandbox.elemisthemes.com/demo12.html]
[sandbox.elemisthemes.com/assets/img/photos/about5.jpg]
[sandbox.elemisthemes.com/assets/img/brands/z1.png]
[sandbox.elemisthemes.com/assets/img/brands/z2.png]
[sandbox.elemisthemes.com/assets/img/brands/z3.png]
[sandbox.elemisthemes.com/assets/img/brands/z4.png]
[sandbox.elemisthemes.com/assets/img/brands/z5.png]
[sandbox.elemisthemes.com/assets/img/brands/z6.png]
[sandbox.elemisthemes.com/assets/img/brands/z7.png]
[sandbox.elemisthemes.com/assets/img/brands/z8.png]
[sandbox.elemisthemes.com/demo13.html]
[sandbox.elemisthemes.com/assets/img/photos/about18.jpg]
[sandbox.elemisthemes.com/assets/img/photos/se3.jpg]
[sandbox.elemisthemes.com/assets/img/photos/se4.jpg]
[sandbox.elemisthemes.com/assets/img/photos/bg10.jpg]
[sandbox.elemisthemes.com/assets/img/photos/pd1.jpg]
[sandbox.elemisthemes.com/assets/img/photos/pd2.jpg]
[sandbox.elemisthemes.com/assets/img/photos/pd3.jpg]
[sandbox.elemisthemes.com/assets/img/photos/pd4.jpg]
[sandbox.elemisthemes.com/assets/img/photos/pd5.jpg]
[sandbox.elemisthemes.com/assets/img/photos/pd6.jpg]
[sandbox.elemisthemes.com/assets/img/photos/about20.jpg]
[sandbox.elemisthemes.com/assets/img/photos/about19.jpg]
[sandbox.elemisthemes.com/demo14.html]
[sandbox.elemisthemes.com/assets/img/photos/bg7.jpg]
[sandbox.elemisthemes.com/assets/img/photos/bg8.jpg]
[sandbox.elemisthemes.com/assets/img/photos/bg9.jpg]
[sandbox.elemisthemes.com/assets/img/photos/about2.jpg]
[sandbox.elemisthemes.com/assets/img/photos/about3.jpg]
[sandbox.elemisthemes.com/assets/img/icons/list.svg]
[sandbox.elemisthemes.com/assets/img/photos/co1.png]
[sandbox.elemisthemes.com/assets/img/photos/about4.jpg]
[sandbox.elemisthemes.com/assets/img/icons/telemarketer.svg]
[sandbox.elemisthemes.com/demo15.html]
[sandbox.elemisthemes.com/assets/img/icons/puzzle-2.svg]
[sandbox.elemisthemes.com/assets/css/colors/pink.css]
[sandbox.elemisthemes.com/assets/img/photos/about17.jpg]
[sandbox.elemisthemes.com/assets/img/icons/smartphone.svg]
[sandbox.elemisthemes.com/assets/img/photos/f1.png]
[sandbox.elemisthemes.com/assets/img/photos/f2.png]
[sandbox.elemisthemes.com/assets/img/photos/f3.png]
[sandbox.elemisthemes.com/assets/img/photos/f4.png]
[sandbox.elemisthemes.com/assets/img/icons/email.svg]
[sandbox.elemisthemes.com/demo16.html]
[sandbox.elemisthemes.com/assets/css/colors/navy.css]
[sandbox.elemisthemes.com/assets/img/photos/bg11.jpg]
[sandbox.elemisthemes.com/assets/img/photos/about24.jpg]
[sandbox.elemisthemes.com/assets/img/photos/about25.jpg]
[sandbox.elemisthemes.com/demo17.html]
[sandbox.elemisthemes.com/demo18.html]
[sandbox.elemisthemes.com/assets/img/photos/bg3.jpg]
[sandbox.elemisthemes.com/services.html]
[sandbox.elemisthemes.com/assets/img/icons/light-bulb.svg]
[sandbox.elemisthemes.com/assets/img/icons/design.svg]
[sandbox.elemisthemes.com/services2.html]
[sandbox.elemisthemes.com/assets/img/photos/bg12.jpg]
[sandbox.elemisthemes.com/about.html]
[sandbox.elemisthemes.com/assets/img/icons/pie-chart-2.svg]
[sandbox.elemisthemes.com/assets/img/concept/concept4.png]
[sandbox.elemisthemes.com/about2.html]
[sandbox.elemisthemes.com/contact.html]
[sandbox.elemisthemes.com/contact2.html]
[sandbox.elemisthemes.com/contact3.html]
[sandbox.elemisthemes.com/pricing.html]
[sandbox.elemisthemes.com/onepage.html]
[sandbox.elemisthemes.com/assets/img/photos/cs1-full.jpg]
[sandbox.elemisthemes.com/assets/img/photos/cs1.jpg]
[sandbox.elemisthemes.com/assets/img/photos/cs2-full.jpg]
[sandbox.elemisthemes.com/assets/img/photos/cs2.jpg]
[sandbox.elemisthemes.com/assets/img/photos/cs3-full.jpg]
[sandbox.elemisthemes.com/assets/img/photos/cs3.jpg]
[sandbox.elemisthemes.com/assets/img/photos/cs4-full.jpg]
[sandbox.elemisthemes.com/assets/img/photos/cs4.jpg]
[sandbox.elemisthemes.com/assets/img/photos/cs5-full.jpg]
[sandbox.elemisthemes.com/assets/img/photos/cs5.jpg]
[sandbox.elemisthemes.com/assets/img/photos/cs6-full.jpg]
[sandbox.elemisthemes.com/assets/img/photos/cs6.jpg]
[sandbox.elemisthemes.com/assets/img/photos/cs7-full.jpg]
[sandbox.elemisthemes.com/assets/img/photos/cs7.jpg]
[sandbox.elemisthemes.com/assets/img/photos/cs8-full.jpg]
[sandbox.elemisthemes.com/assets/img/photos/cs8.jpg]
[sandbox.elemisthemes.com/assets/img/photos/cs9-full.jpg]
[sandbox.elemisthemes.com/assets/img/photos/cs9.jpg]
[sandbox.elemisthemes.com/assets/img/photos/cs10-full.jpg]
[sandbox.elemisthemes.com/assets/img/photos/cs10.jpg]
[sandbox.elemisthemes.com/assets/img/photos/cs11-full.jpg]
[sandbox.elemisthemes.com/assets/img/photos/cs11.jpg]
[sandbox.elemisthemes.com/assets/img/photos/cs12-full.jpg]
[sandbox.elemisthemes.com/assets/img/photos/cs12.jpg]
[sandbox.elemisthemes.com/assets/img/photos/cs13-full.jpg]
[sandbox.elemisthemes.com/assets/img/photos/cs13.jpg]
[sandbox.elemisthemes.com/assets/img/photos/cs14-full.jpg]
[sandbox.elemisthemes.com/assets/img/photos/cs14.jpg]
[sandbox.elemisthemes.com/assets/img/photos/cs15-full.jpg]
[sandbox.elemisthemes.com/assets/img/photos/cs15.jpg]
[sandbox.elemisthemes.com/projects.html]
[sandbox.elemisthemes.com/assets/img/photos/cs16.jpg]
[sandbox.elemisthemes.com/assets/img/photos/cs17.jpg]
[sandbox.elemisthemes.com/assets/img/photos/cs18.jpg]
[sandbox.elemisthemes.com/assets/img/photos/cs19.jpg]
[sandbox.elemisthemes.com/assets/img/photos/cs20.jpg]
[sandbox.elemisthemes.com/assets/img/photos/cs21.jpg]
[sandbox.elemisthemes.com/assets/img/photos/cs22.jpg]
[sandbox.elemisthemes.com/projects2.html]
[sandbox.elemisthemes.com/assets/img/photos/cs23.jpg]
[sandbox.elemisthemes.com/assets/img/photos/cs24.jpg]
[sandbox.elemisthemes.com/assets/img/photos/cs25.jpg]
[sandbox.elemisthemes.com/projects3.html]
[sandbox.elemisthemes.com/projects4.html]
[sandbox.elemisthemes.com/assets/img/photos/pp1.jpg]
[sandbox.elemisthemes.com/assets/img/photos/pp2.jpg]
[sandbox.elemisthemes.com/assets/img/photos/pp3.jpg]
[sandbox.elemisthemes.com/assets/img/photos/pp4.jpg]
[sandbox.elemisthemes.com/assets/img/photos/pp5.jpg]
[sandbox.elemisthemes.com/single-project.html]
[sandbox.elemisthemes.com/assets/img/photos/pp7.jpg]
[sandbox.elemisthemes.com/assets/img/photos/pp8.jpg]
[sandbox.elemisthemes.com/assets/img/photos/pp9.jpg]
[sandbox.elemisthemes.com/single-project2.html]
[sandbox.elemisthemes.com/assets/img/photos/bg6.jpg]
[sandbox.elemisthemes.com/single-project3.html]
[sandbox.elemisthemes.com/assets/img/photos/b1.jpg]
[sandbox.elemisthemes.com/assets/img/photos/b2.jpg]
[sandbox.elemisthemes.com/assets/img/photos/b3.jpg]
[sandbox.elemisthemes.com/blog.html]
[sandbox.elemisthemes.com/assets/img/photos/a1.jpg]
[sandbox.elemisthemes.com/assets/img/photos/a2.jpg]
[sandbox.elemisthemes.com/assets/img/photos/a3.jpg]
[sandbox.elemisthemes.com/blog2.html]
[sandbox.elemisthemes.com/blog3.html]
[sandbox.elemisthemes.com/assets/img/photos/b8-full.jpg]
[sandbox.elemisthemes.com/assets/img/photos/b8.jpg]
[sandbox.elemisthemes.com/assets/img/photos/b9-full.jpg]
[sandbox.elemisthemes.com/assets/img/photos/b9.jpg]
[sandbox.elemisthemes.com/assets/img/photos/b10-full.jpg]
[sandbox.elemisthemes.com/assets/img/photos/b10.jpg]
[sandbox.elemisthemes.com/assets/img/photos/b11-full.jpg]
[sandbox.elemisthemes.com/assets/img/photos/b11.jpg]
[sandbox.elemisthemes.com/assets/img/avatars/u5.jpg]
[sandbox.elemisthemes.com/assets/img/avatars/u1.jpg]
[sandbox.elemisthemes.com/assets/img/avatars/u2.jpg]
[sandbox.elemisthemes.com/assets/img/avatars/u3.jpg]
[sandbox.elemisthemes.com/assets/img/avatars/u4.jpg]
[sandbox.elemisthemes.com/blog-post.html]
[sandbox.elemisthemes.com/assets/img/photos/bg5.jpg]
[sandbox.elemisthemes.com/blog-post2.html]
[sandbox.elemisthemes.com/blog-post3.html]
[sandbox.elemisthemes.com/assets/img/icons/handshake.svg]
[sandbox.elemisthemes.com/docs/blocks/about.html]
[sandbox.elemisthemes.com/assets/img/demos/block1.svg]
[sandbox.elemisthemes.com/docs/blocks/blog.html]
[sandbox.elemisthemes.com/assets/img/demos/block2.svg]
[sandbox.elemisthemes.com/docs/blocks/call-to-action.html]
[sandbox.elemisthemes.com/assets/img/demos/block3.svg]
[sandbox.elemisthemes.com/assets/img/brands/c9.png]
[sandbox.elemisthemes.com/assets/img/brands/c11.png]
[sandbox.elemisthemes.com/docs/blocks/clients.html]
[sandbox.elemisthemes.com/assets/img/demos/block4.svg]
[sandbox.elemisthemes.com/assets/img/concept/concept14.png]
[sandbox.elemisthemes.com/assets/img/photos/woman.png]
[sandbox.elemisthemes.com/docs/blocks/contact.html]
[sandbox.elemisthemes.com/assets/img/demos/block5.svg]
[sandbox.elemisthemes.com/docs/blocks/facts.html]
[sandbox.elemisthemes.com/assets/img/demos/block6.svg]
[sandbox.elemisthemes.com/docs/blocks/faq.html]
[sandbox.elemisthemes.com/assets/img/demos/block7.svg]
[sandbox.elemisthemes.com/docs/blocks/features.html]
[sandbox.elemisthemes.com/assets/img/demos/block8.svg]
[sandbox.elemisthemes.com/docs/blocks/footer.html]
[sandbox.elemisthemes.com/assets/img/demos/block9.svg]
[sandbox.elemisthemes.com/assets/img/docs/hero1.jpg]
[sandbox.elemisthemes.com/assets/img/docs/hero2.jpg]
[sandbox.elemisthemes.com/assets/img/docs/hero3.jpg]
[sandbox.elemisthemes.com/assets/img/docs/hero4.jpg]
[sandbox.elemisthemes.com/assets/img/docs/hero5.jpg]
[sandbox.elemisthemes.com/assets/img/docs/hero6.jpg]
[sandbox.elemisthemes.com/assets/img/docs/hero7.jpg]
[sandbox.elemisthemes.com/assets/img/docs/hero8.jpg]
[sandbox.elemisthemes.com/assets/img/docs/hero9.jpg]
[sandbox.elemisthemes.com/assets/img/docs/hero10.jpg]
[sandbox.elemisthemes.com/assets/img/docs/hero11.jpg]
[sandbox.elemisthemes.com/assets/img/docs/hero12.jpg]
[sandbox.elemisthemes.com/assets/img/docs/hero13.jpg]
[sandbox.elemisthemes.com/assets/img/docs/hero14.jpg]
[sandbox.elemisthemes.com/assets/img/docs/hero15.jpg]
[sandbox.elemisthemes.com/assets/img/docs/hero16.jpg]
[sandbox.elemisthemes.com/assets/img/docs/hero17.jpg]
[sandbox.elemisthemes.com/assets/img/docs/hero18.jpg]
[sandbox.elemisthemes.com/docs/blocks/hero.html]
[sandbox.elemisthemes.com/assets/img/demos/block10.svg]
[sandbox.elemisthemes.com/docs/blocks/navbar.html]
[sandbox.elemisthemes.com/assets/img/demos/block11.svg]
[sandbox.elemisthemes.com/docs/blocks/portfolio.html]
[sandbox.elemisthemes.com/assets/img/demos/block12.svg]
[sandbox.elemisthemes.com/docs/blocks/pricing.html]
[sandbox.elemisthemes.com/assets/img/demos/block13.svg]
[sandbox.elemisthemes.com/docs/blocks/process.html]
[sandbox.elemisthemes.com/assets/img/demos/block14.svg]
[sandbox.elemisthemes.com/docs/blocks/team.html]
[sandbox.elemisthemes.com/assets/img/demos/block15.svg]
[sandbox.elemisthemes.com/assets/img/photos/tei1.jpg]
[sandbox.elemisthemes.com/docs/blocks/testimonials.html]
[sandbox.elemisthemes.com/assets/img/demos/block16.svg]
[sandbox.elemisthemes.com/docs/index.html]
[sandbox.elemisthemes.com/docs/forms.html]
[sandbox.elemisthemes.com/docs/faq.html]
[sandbox.elemisthemes.com/docs/changelog.html]
[sandbox.elemisthemes.com/docs/credits.html]
[sandbox.elemisthemes.com/docs/styleguide/colors.html]
[sandbox.elemisthemes.com/docs/styleguide/fonts.html]
[sandbox.elemisthemes.com/assets/img/icons/agenda.svg]
[sandbox.elemisthemes.com/docs/styleguide/_/assets/img/icons/agenda.svg_]
[sandbox.elemisthemes.com/docs/styleguide/_/assets/img/icons/analytics.svg_]
[sandbox.elemisthemes.com/docs/styleguide/_/assets/img/icons/award-2.svg_]
[sandbox.elemisthemes.com/assets/img/icons/award.svg]
[sandbox.elemisthemes.com/docs/styleguide/_/assets/img/icons/award.svg_]
[sandbox.elemisthemes.com/docs/styleguide/_/assets/img/icons/bar-chart.svg_]
[sandbox.elemisthemes.com/assets/img/icons/bell.svg]
[sandbox.elemisthemes.com/docs/styleguide/_/assets/img/icons/bell.svg_]
[sandbox.elemisthemes.com/docs/styleguide/_/assets/img/icons/briefcase-2.svg_]
[sandbox.elemisthemes.com/assets/img/icons/briefcase.svg]
[sandbox.elemisthemes.com/docs/styleguide/_/assets/img/icons/briefcase.svg_]
[sandbox.elemisthemes.com/assets/img/icons/browser-2.svg]
[sandbox.elemisthemes.com/docs/styleguide/_/assets/img/icons/browser-2.svg_]
[sandbox.elemisthemes.com/docs/styleguide/_/assets/img/icons/browser.svg_]
[sandbox.elemisthemes.com/assets/img/icons/brush.svg]
[sandbox.elemisthemes.com/docs/styleguide/_/assets/img/icons/brush.svg_]
[sandbox.elemisthemes.com/assets/img/icons/bucket.svg]
[sandbox.elemisthemes.com/docs/styleguide/_/assets/img/icons/bucket.svg_]
[sandbox.elemisthemes.com/assets/img/icons/cake.svg]
[sandbox.elemisthemes.com/docs/styleguide/_/assets/img/icons/cake.svg_]
[sandbox.elemisthemes.com/assets/img/icons/calculator.svg]
[sandbox.elemisthemes.com/docs/styleguide/_/assets/img/icons/calculator.svg_]
[sandbox.elemisthemes.com/assets/img/icons/calendar.svg]
[sandbox.elemisthemes.com/docs/styleguide/_/assets/img/icons/calendar.svg_]
[sandbox.elemisthemes.com/assets/img/icons/certificate.svg]
[sandbox.elemisthemes.com/docs/styleguide/_/assets/img/icons/certificate.242.delayed]
[sandbox.elemisthemes.com/docs/styleguide/_/assets/img/icons/chat-2.svg_]
[sandbox.elemisthemes.com/assets/img/icons/chat.svg]
[sandbox.elemisthemes.com/docs/styleguide/_/assets/img/icons/chat.svg_]
[sandbox.elemisthemes.com/assets/img/icons/check-list.svg]
[sandbox.elemisthemes.com/docs/styleguide/_/assets/img/icons/check-list.svg_]
[sandbox.elemisthemes.com/docs/styleguide/_/assets/img/icons/check.svg_]
[sandbox.elemisthemes.com/assets/img/icons/clipboard.svg]
[sandbox.elemisthemes.com/docs/styleguide/_/assets/img/icons/clipboard.svg_]
[sandbox.elemisthemes.com/assets/img/icons/clock-2.svg]
[sandbox.elemisthemes.com/docs/styleguide/_/assets/img/icons/clock-2.svg_]
[sandbox.elemisthemes.com/docs/styleguide/_/assets/img/icons/clock-3.svg_]
[sandbox.elemisthemes.com/assets/img/icons/clock.svg]
[sandbox.elemisthemes.com/docs/styleguide/_/assets/img/icons/clock.svg_]
[sandbox.elemisthemes.com/assets/img/icons/cloud-computing-2.svg]
[sandbox.elemisthemes.com/docs/styleguide/_/assets/img/icons/cloud-computing-2.svg_]
[sandbox.elemisthemes.com/docs/styleguide/_/assets/img/icons/cloud-computing-3.svg_]
[sandbox.elemisthemes.com/docs/styleguide/_/assets/img/icons/cloud-computing.svg_]
[sandbox.elemisthemes.com/assets/img/icons/compass.svg]
[sandbox.elemisthemes.com/docs/styleguide/_/assets/img/icons/compass.255.delayed]
[sandbox.elemisthemes.com/assets/img/icons/computer.svg]
[sandbox.elemisthemes.com/docs/styleguide/_/assets/img/icons/computer.svg_]
[sandbox.elemisthemes.com/assets/img/icons/controller-2.svg]
[sandbox.elemisthemes.com/docs/styleguide/_/assets/img/icons/controller-2.svg_]
[sandbox.elemisthemes.com/assets/img/icons/controller.svg]
[sandbox.elemisthemes.com/docs/styleguide/_/assets/img/icons/controller.svg_]
[sandbox.elemisthemes.com/assets/img/icons/crayons.svg]
[sandbox.elemisthemes.com/docs/styleguide/_/assets/img/icons/crayons.25d.delayed]
[sandbox.elemisthemes.com/assets/img/icons/crop.svg]
[sandbox.elemisthemes.com/docs/styleguide/_/assets/img/icons/crop.svg_]
[sandbox.elemisthemes.com/docs/styleguide/_/assets/img/icons/design.svg_]
[sandbox.elemisthemes.com/docs/styleguide/_/assets/img/icons/earth.svg_]
[sandbox.elemisthemes.com/assets/img/icons/email-2.svg]
[sandbox.elemisthemes.com/docs/styleguide/_/assets/img/icons/email-2.svg_]
[sandbox.elemisthemes.com/docs/styleguide/_/assets/img/icons/email.svg_]
[sandbox.elemisthemes.com/assets/img/icons/fullscreen.svg]
[sandbox.elemisthemes.com/docs/styleguide/_/assets/img/icons/fullscreen.svg_]
[sandbox.elemisthemes.com/assets/img/icons/geolocalization.svg]
[sandbox.elemisthemes.com/docs/styleguide/_/assets/img/icons/geolocalization.268.delayed]
[sandbox.elemisthemes.com/docs/styleguide/_/assets/img/icons/gift.svg_]
[sandbox.elemisthemes.com/docs/styleguide/_/assets/img/icons/handshake.svg_]
[sandbox.elemisthemes.com/assets/img/icons/headphone-2.svg]
[sandbox.elemisthemes.com/docs/styleguide/_/assets/img/icons/headphone-2.26c.delayed]
[sandbox.elemisthemes.com/assets/img/icons/headphone.svg]
[sandbox.elemisthemes.com/docs/styleguide/_/assets/img/icons/headphone.svg_]
[sandbox.elemisthemes.com/docs/styleguide/_/assets/img/icons/home.svg_]
[sandbox.elemisthemes.com/assets/img/icons/house.svg]
[sandbox.elemisthemes.com/docs/styleguide/_/assets/img/icons/house.svg_]
[sandbox.elemisthemes.com/docs/styleguide/_/assets/img/icons/id-card.svg_]
[sandbox.elemisthemes.com/docs/styleguide/_/assets/img/icons/light-bulb.svg_]
[sandbox.elemisthemes.com/assets/img/icons/link.svg]
[sandbox.elemisthemes.com/docs/styleguide/_/assets/img/icons/link.svg_]
[sandbox.elemisthemes.com/docs/styleguide/_/assets/img/icons/list.svg_]
[sandbox.elemisthemes.com/docs/styleguide/_/assets/img/icons/loading.svg_]
[sandbox.elemisthemes.com/assets/img/icons/lock.svg]
[sandbox.elemisthemes.com/docs/styleguide/_/assets/img/icons/lock.svg_]
[sandbox.elemisthemes.com/assets/img/icons/map.svg]
[sandbox.elemisthemes.com/docs/styleguide/_/assets/img/icons/map.svg_]
[sandbox.elemisthemes.com/docs/styleguide/_/assets/img/icons/medal.svg_]
[sandbox.elemisthemes.com/docs/styleguide/_/assets/img/icons/megaphone.svg_]
[sandbox.elemisthemes.com/assets/img/icons/paint-roller.svg]
[sandbox.elemisthemes.com/docs/styleguide/_/assets/img/icons/paint-roller.svg_]
[sandbox.elemisthemes.com/assets/img/icons/paper-plane.svg]
[sandbox.elemisthemes.com/docs/styleguide/_/assets/img/icons/paper-plane.svg_]
[sandbox.elemisthemes.com/assets/img/icons/photo-camera.svg]
[sandbox.elemisthemes.com/docs/styleguide/_/assets/img/icons/photo-camera.svg_]
[sandbox.elemisthemes.com/assets/img/icons/picture.svg]
[sandbox.elemisthemes.com/docs/styleguide/_/assets/img/icons/picture.svg_]
[sandbox.elemisthemes.com/assets/img/icons/pictures.svg]
[sandbox.elemisthemes.com/docs/styleguide/_/assets/img/icons/pictures.svg_]
[sandbox.elemisthemes.com/docs/styleguide/_/assets/img/icons/pie-chart-2.svg_]
[sandbox.elemisthemes.com/assets/img/icons/pie-chart.svg]
[sandbox.elemisthemes.com/docs/styleguide/_/assets/img/icons/pie-chart.svg_]
[sandbox.elemisthemes.com/assets/img/icons/pin-2.svg]
[sandbox.elemisthemes.com/docs/styleguide/_/assets/img/icons/pin-2.svg_]
[sandbox.elemisthemes.com/assets/img/icons/pin.svg]
[sandbox.elemisthemes.com/docs/styleguide/_/assets/img/icons/pin.svg_]
[sandbox.elemisthemes.com/assets/img/icons/price-tag.svg]
[sandbox.elemisthemes.com/docs/styleguide/_/assets/img/icons/price-tag.svg_]
[sandbox.elemisthemes.com/assets/img/icons/printer.svg]
[sandbox.elemisthemes.com/docs/styleguide/_/assets/img/icons/printer.svg_]
[sandbox.elemisthemes.com/docs/styleguide/_/assets/img/icons/puzzle-2.svg_]
[sandbox.elemisthemes.com/assets/img/icons/puzzle.svg]
[sandbox.elemisthemes.com/docs/styleguide/_/assets/img/icons/puzzle.295.delayed]
[sandbox.elemisthemes.com/docs/styleguide/_/assets/img/icons/rocket.svg_]
[sandbox.elemisthemes.com/docs/styleguide/_/assets/img/icons/savings.svg_]
[sandbox.elemisthemes.com/assets/img/icons/scale.svg]
[sandbox.elemisthemes.com/docs/styleguide/_/assets/img/icons/scale.svg_]
[sandbox.elemisthemes.com/docs/styleguide/_/assets/img/icons/search-1.svg_]
[sandbox.elemisthemes.com/assets/img/icons/search.svg]
[sandbox.elemisthemes.com/docs/styleguide/_/assets/img/icons/search.svg_]
[sandbox.elemisthemes.com/assets/img/icons/settings-2.svg]
[sandbox.elemisthemes.com/docs/styleguide/_/assets/img/icons/settings-2.29e.delayed]
[sandbox.elemisthemes.com/docs/styleguide/_/assets/img/icons/settings-3.svg_]
[sandbox.elemisthemes.com/docs/styleguide/_/assets/img/icons/settings.svg_]
[sandbox.elemisthemes.com/docs/styleguide/_/assets/img/icons/shield.svg_]
[sandbox.elemisthemes.com/docs/styleguide/_/assets/img/icons/shop-2.svg_]
[sandbox.elemisthemes.com/assets/img/icons/shop.svg]
[sandbox.elemisthemes.com/docs/styleguide/_/assets/img/icons/shop.svg_]
[sandbox.elemisthemes.com/assets/img/icons/shope-3.svg]
[sandbox.elemisthemes.com/docs/styleguide/_/assets/img/icons/shope-3.svg_]
[sandbox.elemisthemes.com/docs/styleguide/_/assets/img/icons/shopping-basket.svg_]
[sandbox.elemisthemes.com/assets/img/icons/shopping-cart.svg]
[sandbox.elemisthemes.com/docs/styleguide/_/assets/img/icons/shopping-cart.svg_]
[sandbox.elemisthemes.com/assets/img/icons/show.svg]
[sandbox.elemisthemes.com/docs/styleguide/_/assets/img/icons/show.svg_]
[sandbox.elemisthemes.com/assets/img/icons/sitemap.svg]
[sandbox.elemisthemes.com/docs/styleguide/_/assets/img/icons/sitemap.svg_]
[sandbox.elemisthemes.com/docs/styleguide/_/assets/img/icons/smartphone-2.svg_]
[sandbox.elemisthemes.com/docs/styleguide/_/assets/img/icons/smartphone.svg_]
[sandbox.elemisthemes.com/assets/img/icons/speedometer.svg]
[sandbox.elemisthemes.com/docs/styleguide/_/assets/img/icons/speedometer.2b1.delayed]
[sandbox.elemisthemes.com/assets/img/icons/square.svg]
[sandbox.elemisthemes.com/docs/styleguide/_/assets/img/icons/square.svg_]
[sandbox.elemisthemes.com/docs/styleguide/_/assets/img/icons/target.svg_]
[sandbox.elemisthemes.com/docs/styleguide/_/assets/img/icons/team.svg_]
[sandbox.elemisthemes.com/docs/styleguide/_/assets/img/icons/telemarketer.svg_]
[sandbox.elemisthemes.com/assets/img/icons/telephone-2.svg]
[sandbox.elemisthemes.com/docs/styleguide/_/assets/img/icons/telephone-2.svg_]
[sandbox.elemisthemes.com/docs/styleguide/_/assets/img/icons/telephone-3.svg_]
[sandbox.elemisthemes.com/assets/img/icons/telephone.svg]
[sandbox.elemisthemes.com/docs/styleguide/_/assets/img/icons/telephone.svg_]
[sandbox.elemisthemes.com/assets/img/icons/television.svg]
[sandbox.elemisthemes.com/docs/styleguide/_/assets/img/icons/television.svg_]
[sandbox.elemisthemes.com/assets/img/icons/tie.svg]
[sandbox.elemisthemes.com/docs/styleguide/_/assets/img/icons/tie.svg_]
[sandbox.elemisthemes.com/assets/img/icons/truck.svg]
[sandbox.elemisthemes.com/docs/styleguide/_/assets/img/icons/truck.svg_]
[sandbox.elemisthemes.com/docs/styleguide/_/assets/img/icons/user.svg_]
[sandbox.elemisthemes.com/assets/img/icons/video-2.svg]
[sandbox.elemisthemes.com/docs/styleguide/_/assets/img/icons/video-2.svg_]
[sandbox.elemisthemes.com/assets/img/icons/video-editing.svg]
[sandbox.elemisthemes.com/docs/styleguide/_/assets/img/icons/video-editing.svg_]
[sandbox.elemisthemes.com/assets/img/icons/video.svg]
[sandbox.elemisthemes.com/docs/styleguide/_/assets/img/icons/video.svg_]
[sandbox.elemisthemes.com/assets/img/icons/watercolor.svg]
[sandbox.elemisthemes.com/docs/styleguide/_/assets/img/icons/watercolor.2ca.delayed]
[sandbox.elemisthemes.com/assets/img/icons/web.svg]
[sandbox.elemisthemes.com/docs/styleguide/_/assets/img/icons/web.svg_]
[sandbox.elemisthemes.com/docs/styleguide/duotone-icons.html]
[sandbox.elemisthemes.com/docs/styleguide/unicons.html]
[sandbox.elemisthemes.com/assets/img/concept/concept1.png]
[sandbox.elemisthemes.com/docs/styleguide/_/assets/img/concept/concept1.2ce.delayed]
[sandbox.elemisthemes.com/docs/styleguide/_/assets/img/concept/concept2.png_]
[sandbox.elemisthemes.com/docs/styleguide/_/assets/img/concept/concept3.png_]
[sandbox.elemisthemes.com/docs/styleguide/_/assets/img/concept/concept4.png_]
[sandbox.elemisthemes.com/docs/styleguide/_/assets/img/concept/concept5.png_]
[sandbox.elemisthemes.com/docs/styleguide/_/assets/img/concept/concept6.png_]
[sandbox.elemisthemes.com/docs/styleguide/_/assets/img/concept/concept7.png_]
[sandbox.elemisthemes.com/docs/styleguide/_/assets/img/concept/concept8.png_]
[sandbox.elemisthemes.com/docs/styleguide/_/assets/img/concept/concept9.png_]
[sandbox.elemisthemes.com/assets/img/concept/concept10.png]
[sandbox.elemisthemes.com/docs/styleguide/_/assets/img/concept/concept10.2d8.delayed]
[sandbox.elemisthemes.com/docs/styleguide/_/assets/img/concept/concept11.png_]
[sandbox.elemisthemes.com/docs/styleguide/_/assets/img/concept/concept12.png_]
[sandbox.elemisthemes.com/assets/img/concept/concept13.png]
[sandbox.elemisthemes.com/docs/styleguide/_/assets/img/concept/concept13.png_]
[sandbox.elemisthemes.com/docs/styleguide/_/assets/img/concept/concept14.png_]
[sandbox.elemisthemes.com/assets/img/concept/concept15.png]
[sandbox.elemisthemes.com/docs/styleguide/_/assets/img/concept/concept15.png_]
[sandbox.elemisthemes.com/assets/img/concept/concept16.png]
[sandbox.elemisthemes.com/docs/styleguide/_/assets/img/concept/concept16.png_]
[sandbox.elemisthemes.com/docs/styleguide/_/assets/img/concept/concept17.png_]
[sandbox.elemisthemes.com/docs/styleguide/illustrations.html]
[sandbox.elemisthemes.com/assets/img/docs/pex1.jpg]
[sandbox.elemisthemes.com/assets/img/docs/pex2.jpg]
[sandbox.elemisthemes.com/assets/img/docs/pex3.jpg]
[sandbox.elemisthemes.com/assets/img/docs/raw1.jpg]
[sandbox.elemisthemes.com/assets/img/docs/raw2.jpg]
[sandbox.elemisthemes.com/assets/img/docs/raw3.jpg]
[sandbox.elemisthemes.com/assets/img/docs/un1.jpg]
[sandbox.elemisthemes.com/assets/img/docs/un2.jpg]
[sandbox.elemisthemes.com/assets/img/docs/un3.jpg]
[sandbox.elemisthemes.com/assets/img/docs/pix1.jpg]
[sandbox.elemisthemes.com/assets/img/docs/pix2.jpg]
[sandbox.elemisthemes.com/assets/img/docs/pix3.jpg]
[sandbox.elemisthemes.com/assets/img/docs/ico1.jpg]
[sandbox.elemisthemes.com/assets/img/docs/ico2.jpg]
[sandbox.elemisthemes.com/assets/img/docs/ico3.jpg]
[sandbox.elemisthemes.com/assets/img/docs/mo1.jpg]
[sandbox.elemisthemes.com/assets/img/docs/mo2.jpg]
[sandbox.elemisthemes.com/assets/img/docs/mo3.jpg]
[sandbox.elemisthemes.com/assets/img/docs/mo4.jpg]
[sandbox.elemisthemes.com/assets/img/docs/mo5.jpg]
[sandbox.elemisthemes.com/assets/img/docs/mo6.jpg]
[sandbox.elemisthemes.com/assets/img/docs/mo7.jpg]
[sandbox.elemisthemes.com/assets/img/docs/oth.jpg]
[sandbox.elemisthemes.com/assets/img/docs/oth2.jpg]
[sandbox.elemisthemes.com/docs/styleguide/media.html]
[sandbox.elemisthemes.com/docs/styleguide/abstract.html]
[sandbox.elemisthemes.com/docs/styleguide/misc.html]
[sandbox.elemisthemes.com/docs/elements/accordion.html]
[sandbox.elemisthemes.com/docs/elements/alerts.html]
[sandbox.elemisthemes.com/assets/img/photos/p1.jpg]
[sandbox.elemisthemes.com/assets/img/photos/p2.jpg]
[sandbox.elemisthemes.com/assets/img/photos/p3.jpg]
[sandbox.elemisthemes.com/docs/elements/animations.html]
[sandbox.elemisthemes.com/docs/elements/avatars.html]
[sandbox.elemisthemes.com/assets/img/pattern.png]
[sandbox.elemisthemes.com/docs/elements/background.html]
[sandbox.elemisthemes.com/docs/elements/badges.html]
[sandbox.elemisthemes.com/docs/elements/breadcrumb.html]
[sandbox.elemisthemes.com/docs/elements/buttons.html]
[sandbox.elemisthemes.com/assets/img/photos/p4.jpg]
[sandbox.elemisthemes.com/assets/img/photos/p5.jpg]
[sandbox.elemisthemes.com/docs/elements/carousel.html]
[sandbox.elemisthemes.com/docs/elements/dividers.html]
[sandbox.elemisthemes.com/docs/elements/form-elements.html]
[sandbox.elemisthemes.com/assets/img/photos/p6.jpg]
[sandbox.elemisthemes.com/docs/elements/hover.html]
[sandbox.elemisthemes.com/docs/elements/image-mask.html]
[sandbox.elemisthemes.com/assets/img/photos/p6@2x.jpg]
[sandbox.elemisthemes.com/assets/img/photos/p3@2x.jpg]
[sandbox.elemisthemes.com/docs/elements/lightbox.html]
[sandbox.elemisthemes.com/docs/elements/lists.html]
[sandbox.elemisthemes.com/docs/elements/player.html]
[sandbox.elemisthemes.com/docs/elements/modal.html]
[sandbox.elemisthemes.com/docs/elements/progressbar.html]
[sandbox.elemisthemes.com/docs/elements/shadows.html]
[sandbox.elemisthemes.com/docs/elements/shapes.html]
[sandbox.elemisthemes.com/docs/elements/tables.html]
[sandbox.elemisthemes.com/docs/elements/tabs.html]
[sandbox.elemisthemes.com/docs/elements/text-highlight.html]
[sandbox.elemisthemes.com/docs/elements/tooltips-popovers.html]
[sandbox.elemisthemes.com/docs/elements/typed-text.html]
[sandbox.elemisthemes.com/docs/elements/typography.html]
[sandbox.elemisthemes.com/assets/img/icons/search-1.svg]
[sandbox.elemisthemes.com/assets/img/icons/browser.svg]
[sandbox.elemisthemes.com/assets/img/icons/chat-2.svg]
[sandbox.elemisthemes.com/assets/img/icons/megaphone.svg]
[sandbox.elemisthemes.com/GET]
[sandbox.elemisthemes.com/Trident/index.html]
[sandbox.elemisthemes.com/this.config.iconUrl,window.location]
[sandbox.elemisthemes.com/i]
[sandbox.elemisthemes.com/index-2.html]
[sandbox.elemisthemes.com/${e}]
[sandbox.elemisthemes.com/assets/js/plugins.js]
[sandbox.elemisthemes.com/assets/js/theme.js]
[sandbox.elemisthemes.com/assets/fonts/lg/lgd641.svg]
[sandbox.elemisthemes.com/assets/images/vimeo-play.html]
[sandbox.elemisthemes.com/assets/images/video-play.html]
[sandbox.elemisthemes.com/assets/images/youtube-play.html]
[sandbox.elemisthemes.com/assets/images/loading.html]
[sandbox.elemisthemes.com/assets/css/owl.video.play.html]
[sandbox.elemisthemes.com/assets/css/colors/purple.css]
[sandbox.elemisthemes.com/assets/css/fonts/dm.css]
[sandbox.elemisthemes.com/assets/css/colors/aqua.css]
[sandbox.elemisthemes.com/assets/css/colors/violet.css]
[sandbox.elemisthemes.com/assets/img/icons/telephone-3.svg]
[sandbox.elemisthemes.com/assets/img/icons/shield.svg]
[sandbox.elemisthemes.com/assets/img/icons/cloud-computing-3.svg]
[sandbox.elemisthemes.com/assets/img/icons/analytics.svg]
[sandbox.elemisthemes.com/assets/img/icons/settings.svg]
[sandbox.elemisthemes.com/assets/img/icons/earth.svg]
[sandbox.elemisthemes.com/assets/img/icons/check.svg]
[sandbox.elemisthemes.com/assets/img/icons/user.svg]
[sandbox.elemisthemes.com/assets/img/icons/briefcase-2.svg]
[sandbox.elemisthemes.com/assets/media/movie.html]
[sandbox.elemisthemes.com/assets/img/icons/savings.svg]
[sandbox.elemisthemes.com/assets/img/icons/loading.svg]
[sandbox.elemisthemes.com/assets/img/icons/shopping-basket.svg]
[sandbox.elemisthemes.com/assets/img/icons/home.svg]
[sandbox.elemisthemes.com/assets/img/icons/target.svg]
[sandbox.elemisthemes.com/assets/img/icons/medal.svg]
[sandbox.elemisthemes.com/assets/img/icons/clock-3.svg]
[sandbox.elemisthemes.com/assets/img/icons/shop-2.svg]
[sandbox.elemisthemes.com/assets/img/icons/team.svg]
[sandbox.elemisthemes.com/assets/img/icons/cloud-computing.svg]
[sandbox.elemisthemes.com/assets/img/icons/smartphone-2.svg]
[sandbox.elemisthemes.com/assets/img/icons/rocket.svg]
[sandbox.elemisthemes.com/assets/img/icons/award-2.svg]
[sandbox.elemisthemes.com/assets/img/icons/settings-3.svg]
[sandbox.elemisthemes.com/assets/img/icons/bar-chart.svg]
[sandbox.elemisthemes.com/assets/css/colors/orange.css]
[sandbox.elemisthemes.com/assets/img/icons/id-card.svg]
[sandbox.elemisthemes.com/assets/img/icons/gift.svg]
[sandbox.elemisthemes.com/assets/img/icons/list.svg]
[sandbox.elemisthemes.com/assets/img/icons/telemarketer.svg]
[sandbox.elemisthemes.com/assets/img/icons/puzzle-2.svg]
[sandbox.elemisthemes.com/assets/css/colors/pink.css]
[sandbox.elemisthemes.com/assets/img/icons/smartphone.svg]
[sandbox.elemisthemes.com/assets/img/icons/email.svg]
[sandbox.elemisthemes.com/assets/css/colors/navy.css]
[sandbox.elemisthemes.com/assets/img/icons/light-bulb.svg]
[sandbox.elemisthemes.com/assets/img/icons/design.svg]
[sandbox.elemisthemes.com/assets/img/icons/pie-chart-2.svg]
[sandbox.elemisthemes.com/assets/img/icons/handshake.svg]
[sandbox.elemisthemes.com/assets/img/icons/agenda.svg]
[sandbox.elemisthemes.com/docs/styleguide/_/assets/img/icons/agenda.html]
[sandbox.elemisthemes.com/docs/styleguide/_/assets/img/icons/analytics.html]
[sandbox.elemisthemes.com/docs/styleguide/_/assets/img/icons/award-2.html]
[sandbox.elemisthemes.com/assets/img/icons/award.svg]
[sandbox.elemisthemes.com/docs/styleguide/_/assets/img/icons/award.html]
[sandbox.elemisthemes.com/docs/styleguide/_/assets/img/icons/bar-chart.html]
[sandbox.elemisthemes.com/assets/img/icons/bell.svg]
[sandbox.elemisthemes.com/docs/styleguide/_/assets/img/icons/bell.html]
[sandbox.elemisthemes.com/docs/styleguide/_/assets/img/icons/briefcase-2.html]
[sandbox.elemisthemes.com/assets/img/icons/briefcase.svg]
[sandbox.elemisthemes.com/docs/styleguide/_/assets/img/icons/briefcase.html]
[sandbox.elemisthemes.com/assets/img/icons/browser-2.svg]
[sandbox.elemisthemes.com/docs/styleguide/_/assets/img/icons/browser-2.html]
[sandbox.elemisthemes.com/docs/styleguide/_/assets/img/icons/browser.html]
[sandbox.elemisthemes.com/assets/img/icons/brush.svg]
[sandbox.elemisthemes.com/docs/styleguide/_/assets/img/icons/brush.html]
[sandbox.elemisthemes.com/assets/img/icons/bucket.svg]
[sandbox.elemisthemes.com/docs/styleguide/_/assets/img/icons/bucket.html]
[sandbox.elemisthemes.com/assets/img/icons/cake.svg]
[sandbox.elemisthemes.com/docs/styleguide/_/assets/img/icons/cake.html]
[sandbox.elemisthemes.com/assets/img/icons/calculator.svg]
[sandbox.elemisthemes.com/docs/styleguide/_/assets/img/icons/calculator.html]
[sandbox.elemisthemes.com/assets/img/icons/calendar.svg]
[sandbox.elemisthemes.com/docs/styleguide/_/assets/img/icons/calendar.html]
[sandbox.elemisthemes.com/assets/img/icons/certificate.svg]
[sandbox.elemisthemes.com/docs/styleguide/_/assets/img/icons/certificate.html]
[sandbox.elemisthemes.com/docs/styleguide/_/assets/img/icons/chat-2.html]
[sandbox.elemisthemes.com/assets/img/icons/chat.svg]
[sandbox.elemisthemes.com/docs/styleguide/_/assets/img/icons/chat.html]
[sandbox.elemisthemes.com/assets/img/icons/check-list.svg]
[sandbox.elemisthemes.com/docs/styleguide/_/assets/img/icons/check-list.html]
[sandbox.elemisthemes.com/docs/styleguide/_/assets/img/icons/check.html]
[sandbox.elemisthemes.com/assets/img/icons/clipboard.svg]
[sandbox.elemisthemes.com/docs/styleguide/_/assets/img/icons/clipboard.html]
[sandbox.elemisthemes.com/assets/img/icons/clock-2.svg]
[sandbox.elemisthemes.com/docs/styleguide/_/assets/img/icons/clock-2.html]
[sandbox.elemisthemes.com/docs/styleguide/_/assets/img/icons/clock-3.html]
[sandbox.elemisthemes.com/assets/img/icons/clock.svg]
[sandbox.elemisthemes.com/docs/styleguide/_/assets/img/icons/clock.html]
[sandbox.elemisthemes.com/assets/img/icons/cloud-computing-2.svg]
[sandbox.elemisthemes.com/docs/styleguide/_/assets/img/icons/cloud-computing-2.html]
[sandbox.elemisthemes.com/docs/styleguide/_/assets/img/icons/cloud-computing-3.html]
[sandbox.elemisthemes.com/docs/styleguide/_/assets/img/icons/cloud-computing.html]
[sandbox.elemisthemes.com/assets/img/icons/compass.svg]
[sandbox.elemisthemes.com/docs/styleguide/_/assets/img/icons/compass.html]
[sandbox.elemisthemes.com/assets/img/icons/computer.svg]
[sandbox.elemisthemes.com/docs/styleguide/_/assets/img/icons/computer.html]
[sandbox.elemisthemes.com/assets/img/icons/controller-2.svg]
[sandbox.elemisthemes.com/docs/styleguide/_/assets/img/icons/controller-2.html]
[sandbox.elemisthemes.com/assets/img/icons/controller.svg]
[sandbox.elemisthemes.com/docs/styleguide/_/assets/img/icons/controller.html]
[sandbox.elemisthemes.com/assets/img/icons/crayons.svg]
[sandbox.elemisthemes.com/docs/styleguide/_/assets/img/icons/crayons.html]
[sandbox.elemisthemes.com/assets/img/icons/crop.svg]
[sandbox.elemisthemes.com/docs/styleguide/_/assets/img/icons/crop.html]
[sandbox.elemisthemes.com/docs/styleguide/_/assets/img/icons/design.html]
[sandbox.elemisthemes.com/docs/styleguide/_/assets/img/icons/earth.html]
[sandbox.elemisthemes.com/assets/img/icons/email-2.svg]
[sandbox.elemisthemes.com/docs/styleguide/_/assets/img/icons/email-2.html]
[sandbox.elemisthemes.com/docs/styleguide/_/assets/img/icons/email.html]
[sandbox.elemisthemes.com/assets/img/icons/fullscreen.svg]
[sandbox.elemisthemes.com/docs/styleguide/_/assets/img/icons/fullscreen.html]
[sandbox.elemisthemes.com/assets/img/icons/geolocalization.svg]
[sandbox.elemisthemes.com/docs/styleguide/_/assets/img/icons/geolocalization.html]
[sandbox.elemisthemes.com/docs/styleguide/_/assets/img/icons/gift.html]
[sandbox.elemisthemes.com/docs/styleguide/_/assets/img/icons/handshake.html]
[sandbox.elemisthemes.com/assets/img/icons/headphone-2.svg]
[sandbox.elemisthemes.com/docs/styleguide/_/assets/img/icons/headphone-2.html]
[sandbox.elemisthemes.com/assets/img/icons/headphone.svg]
[sandbox.elemisthemes.com/docs/styleguide/_/assets/img/icons/headphone.html]
[sandbox.elemisthemes.com/docs/styleguide/_/assets/img/icons/home.html]
[sandbox.elemisthemes.com/assets/img/icons/house.svg]
[sandbox.elemisthemes.com/docs/styleguide/_/assets/img/icons/house.html]
[sandbox.elemisthemes.com/docs/styleguide/_/assets/img/icons/id-card.html]
[sandbox.elemisthemes.com/docs/styleguide/_/assets/img/icons/light-bulb.html]
[sandbox.elemisthemes.com/assets/img/icons/link.svg]
[sandbox.elemisthemes.com/docs/styleguide/_/assets/img/icons/link.html]
[sandbox.elemisthemes.com/docs/styleguide/_/assets/img/icons/list.html]
[sandbox.elemisthemes.com/docs/styleguide/_/assets/img/icons/loading.html]
[sandbox.elemisthemes.com/assets/img/icons/lock.svg]
[sandbox.elemisthemes.com/docs/styleguide/_/assets/img/icons/lock.html]
[sandbox.elemisthemes.com/assets/img/icons/map.svg]
[sandbox.elemisthemes.com/docs/styleguide/_/assets/img/icons/map.html]
[sandbox.elemisthemes.com/docs/styleguide/_/assets/img/icons/medal.html]
[sandbox.elemisthemes.com/docs/styleguide/_/assets/img/icons/megaphone.html]
[sandbox.elemisthemes.com/assets/img/icons/paint-roller.svg]
[sandbox.elemisthemes.com/docs/styleguide/_/assets/img/icons/paint-roller.html]
[sandbox.elemisthemes.com/assets/img/icons/paper-plane.svg]
[sandbox.elemisthemes.com/docs/styleguide/_/assets/img/icons/paper-plane.html]
[sandbox.elemisthemes.com/assets/img/icons/photo-camera.svg]
[sandbox.elemisthemes.com/docs/styleguide/_/assets/img/icons/photo-camera.html]
[sandbox.elemisthemes.com/assets/img/icons/picture.svg]
[sandbox.elemisthemes.com/docs/styleguide/_/assets/img/icons/picture.html]
[sandbox.elemisthemes.com/assets/img/icons/pictures.svg]
[sandbox.elemisthemes.com/docs/styleguide/_/assets/img/icons/pictures.html]
[sandbox.elemisthemes.com/docs/styleguide/_/assets/img/icons/pie-chart-2.html]
[sandbox.elemisthemes.com/assets/img/icons/pie-chart.svg]
[sandbox.elemisthemes.com/docs/styleguide/_/assets/img/icons/pie-chart.html]
[sandbox.elemisthemes.com/assets/img/icons/pin-2.svg]
[sandbox.elemisthemes.com/docs/styleguide/_/assets/img/icons/pin-2.html]
[sandbox.elemisthemes.com/assets/img/icons/pin.svg]
[sandbox.elemisthemes.com/docs/styleguide/_/assets/img/icons/pin.html]
[sandbox.elemisthemes.com/assets/img/icons/price-tag.svg]
[sandbox.elemisthemes.com/docs/styleguide/_/assets/img/icons/price-tag.html]
[sandbox.elemisthemes.com/assets/img/icons/printer.svg]
[sandbox.elemisthemes.com/docs/styleguide/_/assets/img/icons/printer.html]
[sandbox.elemisthemes.com/docs/styleguide/_/assets/img/icons/puzzle-2.html]
[sandbox.elemisthemes.com/assets/img/icons/puzzle.svg]
[sandbox.elemisthemes.com/docs/styleguide/_/assets/img/icons/puzzle.html]
[sandbox.elemisthemes.com/docs/styleguide/_/assets/img/icons/rocket.html]
[sandbox.elemisthemes.com/docs/styleguide/_/assets/img/icons/savings.html]
[sandbox.elemisthemes.com/assets/img/icons/scale.svg]
[sandbox.elemisthemes.com/docs/styleguide/_/assets/img/icons/scale.html]
[sandbox.elemisthemes.com/docs/styleguide/_/assets/img/icons/search-1.html]
[sandbox.elemisthemes.com/assets/img/icons/search.svg]
[sandbox.elemisthemes.com/docs/styleguide/_/assets/img/icons/search.html]
[sandbox.elemisthemes.com/assets/img/icons/settings-2.svg]
[sandbox.elemisthemes.com/docs/styleguide/_/assets/img/icons/settings-2.html]
[sandbox.elemisthemes.com/docs/styleguide/_/assets/img/icons/settings-3.html]
[sandbox.elemisthemes.com/docs/styleguide/_/assets/img/icons/settings.html]
[sandbox.elemisthemes.com/docs/styleguide/_/assets/img/icons/shield.html]
[sandbox.elemisthemes.com/docs/styleguide/_/assets/img/icons/shop-2.html]
[sandbox.elemisthemes.com/assets/img/icons/shop.svg]
[sandbox.elemisthemes.com/docs/styleguide/_/assets/img/icons/shop.html]
[sandbox.elemisthemes.com/assets/img/icons/shope-3.svg]
[sandbox.elemisthemes.com/docs/styleguide/_/assets/img/icons/shope-3.html]
[sandbox.elemisthemes.com/docs/styleguide/_/assets/img/icons/shopping-basket.html]
[sandbox.elemisthemes.com/assets/img/icons/shopping-cart.svg]
[sandbox.elemisthemes.com/docs/styleguide/_/assets/img/icons/shopping-cart.html]
[sandbox.elemisthemes.com/assets/img/icons/show.svg]
[sandbox.elemisthemes.com/docs/styleguide/_/assets/img/icons/show.html]
[sandbox.elemisthemes.com/assets/img/icons/sitemap.svg]
[sandbox.elemisthemes.com/docs/styleguide/_/assets/img/icons/sitemap.html]
[sandbox.elemisthemes.com/docs/styleguide/_/assets/img/icons/smartphone-2.html]
[sandbox.elemisthemes.com/docs/styleguide/_/assets/img/icons/smartphone.html]
[sandbox.elemisthemes.com/assets/img/icons/speedometer.svg]
[sandbox.elemisthemes.com/docs/styleguide/_/assets/img/icons/speedometer.html]
[sandbox.elemisthemes.com/assets/img/icons/square.svg]
[sandbox.elemisthemes.com/docs/styleguide/_/assets/img/icons/square.html]
[sandbox.elemisthemes.com/docs/styleguide/_/assets/img/icons/target.html]
[sandbox.elemisthemes.com/docs/styleguide/_/assets/img/icons/team.html]
[sandbox.elemisthemes.com/docs/styleguide/_/assets/img/icons/telemarketer.html]
[sandbox.elemisthemes.com/assets/img/icons/telephone-2.svg]
[sandbox.elemisthemes.com/docs/styleguide/_/assets/img/icons/telephone-2.html]
[sandbox.elemisthemes.com/docs/styleguide/_/assets/img/icons/telephone-3.html]
[sandbox.elemisthemes.com/assets/img/icons/telephone.svg]
[sandbox.elemisthemes.com/docs/styleguide/_/assets/img/icons/telephone.html]
[sandbox.elemisthemes.com/assets/img/icons/television.svg]
[sandbox.elemisthemes.com/docs/styleguide/_/assets/img/icons/television.html]
[sandbox.elemisthemes.com/assets/img/icons/tie.svg]
[sandbox.elemisthemes.com/docs/styleguide/_/assets/img/icons/tie.html]
[sandbox.elemisthemes.com/assets/img/icons/truck.svg]
[sandbox.elemisthemes.com/docs/styleguide/_/assets/img/icons/truck.html]
[sandbox.elemisthemes.com/docs/styleguide/_/assets/img/icons/user.html]
[sandbox.elemisthemes.com/assets/img/icons/video-2.svg]
[sandbox.elemisthemes.com/docs/styleguide/_/assets/img/icons/video-2.html]
[sandbox.elemisthemes.com/assets/img/icons/video-editing.svg]
[sandbox.elemisthemes.com/docs/styleguide/_/assets/img/icons/video-editing.html]
[sandbox.elemisthemes.com/assets/img/icons/video.svg]
[sandbox.elemisthemes.com/docs/styleguide/_/assets/img/icons/video.html]
[sandbox.elemisthemes.com/assets/img/icons/watercolor.svg]
[sandbox.elemisthemes.com/docs/styleguide/_/assets/img/icons/watercolor.html]
[sandbox.elemisthemes.com/assets/img/icons/web.svg]
[sandbox.elemisthemes.com/docs/styleguide/_/assets/img/icons/web.html]
[sandbox.elemisthemes.com/docs/styleguide/_/assets/img/concept/concept1.html]
[sandbox.elemisthemes.com/docs/styleguide/_/assets/img/concept/concept2.html]
[sandbox.elemisthemes.com/docs/styleguide/_/assets/img/concept/concept3.html]
[sandbox.elemisthemes.com/docs/styleguide/_/assets/img/concept/concept4.html]
[sandbox.elemisthemes.com/docs/styleguide/_/assets/img/concept/concept5.html]
[sandbox.elemisthemes.com/docs/styleguide/_/assets/img/concept/concept6.html]
[sandbox.elemisthemes.com/docs/styleguide/_/assets/img/concept/concept7.html]
[sandbox.elemisthemes.com/docs/styleguide/_/assets/img/concept/concept8.html]
[sandbox.elemisthemes.com/docs/styleguide/_/assets/img/concept/concept9.html]
[sandbox.elemisthemes.com/docs/styleguide/_/assets/img/concept/concept10.html]
[sandbox.elemisthemes.com/docs/styleguide/_/assets/img/concept/concept11.html]
[sandbox.elemisthemes.com/docs/styleguide/_/assets/img/concept/concept12.html]
[sandbox.elemisthemes.com/docs/styleguide/_/assets/img/concept/concept13.html]
[sandbox.elemisthemes.com/docs/styleguide/_/assets/img/concept/concept14.html]
[sandbox.elemisthemes.com/docs/styleguide/_/assets/img/concept/concept15.html]
[sandbox.elemisthemes.com/docs/styleguide/_/assets/img/concept/concept16.html]
[sandbox.elemisthemes.com/docs/styleguide/_/assets/img/concept/concept17.html]
[sandbox.elemisthemes.com/Trident/index.html]
[sandbox.elemisthemes.com/index-2.html]
[sandbox.elemisthemes.com/GET.html]
[sandbox.elemisthemes.com/this.config.iconUrl,window.html]
[sandbox.elemisthemes.com/i.html]
[sandbox.elemisthemes.com/${e}.html]
